============================================================
ONLINE RETAIL DATA MINING PIPELINE EXECUTION LOG
Started At: 2026-10-04 19:06:38
Python Executable: D:\Data-mininng\.venv\Scripts\python.exe
Working Directory: D:\Project\Data-mininng
============================================================

[2026-10-04 19:06:38] STEP START: 01. Data Understanding
  Command: python notebooks\run_01_data_understanding.py
[2026-10-04 19:07:59] STEP SUCCESS: 01. Data Understanding (Exit code: 0, Elapsed: 80.90s)
  OUTPUT OK: outputs/tables/data_understanding/descriptive_statistics.csv (0.00 MB)
  OUTPUT OK: outputs/tables/data_understanding/raw_summary.csv (0.00 MB)
[2026-10-04 19:07:59] STEP START: 02. EDA and Cleaning
  Command: python notebooks\run_02_eda_and_cleaning.py
[2026-10-04 19:11:13] STEP SUCCESS: 02. EDA and Cleaning (Exit code: 0, Elapsed: 193.28s)
  OUTPUT OK: data/interim/cleaned_transactions.csv (72.17 MB)
  OUTPUT OK: data/interim/product_transactions.csv (72.17 MB)
[2026-10-04 19:11:13] STEP START: 03. Feature Engineering RFM
  Command: python notebooks\run_03_feature_engineering.py
[2026-10-04 19:13:22] STEP SUCCESS: 03. Feature Engineering RFM (Exit code: 0, Elapsed: 129.19s)
  OUTPUT OK: data/processed/rfm_customer_features.csv (0.56 MB)
  OUTPUT OK: data/processed/repeat_purchase_features.csv (0.22 MB)
[2026-10-04 19:13:22] STEP START: 04. Customer Clustering
  Command: python notebooks\run_04_customer_clustering.py
[2026-10-04 19:13:55] STEP SUCCESS: 04. Customer Clustering (Exit code: 0, Elapsed: 33.40s)
  OUTPUT OK: data/processed/customer_clusters.csv (0.24 MB)
  OUTPUT OK: outputs/tables/clustering/clustering_algorithm_comparison.csv (0.00 MB)
  OUTPUT OK: outputs/tables/clustering/cluster_profiles.csv (0.00 MB)
  OUTPUT OK: models/clustering/clustering_model.pkl (0.02 MB)
  OUTPUT OK: models/clustering/clustering_config.pkl (0.00 MB)
[2026-10-04 19:13:55] STEP START: 05. Repeat Purchase Classification
  Command: python notebooks\run_05_repeat_purchase_classification.py
[2026-10-04 19:14:37] STEP SUCCESS: 05. Repeat Purchase Classification (Exit code: 0, Elapsed: 41.41s)
  OUTPUT OK: outputs/tables/classification/model_comparison.csv (0.00 MB)
  OUTPUT OK: outputs/tables/classification/cv_results.csv (0.00 MB)
  OUTPUT OK: outputs/tables/classification/test_predictions.csv (0.06 MB)
  OUTPUT OK: outputs/tables/classification/feature_importance.csv (0.00 MB)
  OUTPUT OK: models/classification/best_classifier_pipeline.joblib (0.32 MB)
  OUTPUT OK: models/classification/classification_metadata.json (0.00 MB)
[2026-10-04 19:14:37] STEP START: 06. Association Rules
  Command: python notebooks\run_06_association_rules.py
[2026-10-04 19:15:49] STEP SUCCESS: 06. Association Rules (Exit code: 0, Elapsed: 72.08s)
  OUTPUT OK: outputs/tables/association_rules/association_algorithm_comparison.csv (0.00 MB)
  OUTPUT OK: outputs/tables/association_rules/selected_association_rules.csv (0.01 MB)
  OUTPUT OK: outputs/tables/association_rules/association_business_insights.csv (0.00 MB)
  OUTPUT OK: outputs/tables/association_rules/association_rules_equivalence_audit.csv (0.00 MB)
[2026-10-04 19:15:49] STEP START: 07. Model Comparison and Insights
  Command: python notebooks\run_07_model_comparison_and_insights.py
[2026-10-04 19:16:00] STEP SUCCESS: 07. Model Comparison and Insights (Exit code: 0, Elapsed: 11.24s)
  OUTPUT OK: outputs/tables/model_comparison/clustering_model_comparison.csv (0.00 MB)
  OUTPUT OK: outputs/tables/model_comparison/classification_model_comparison.csv (0.00 MB)
  OUTPUT OK: outputs/tables/model_comparison/association_rules_comparison.csv (0.00 MB)
  OUTPUT OK: outputs/tables/insights/customer_segment_insights.csv (0.00 MB)
  OUTPUT OK: outputs/tables/insights/customer_segment_action_plan.csv (0.00 MB)
  OUTPUT OK: outputs/tables/insights/product_association_insights.csv (0.01 MB)
  OUTPUT OK: outputs/tables/insights/classification_feature_insights.csv (0.02 MB)
  OUTPUT OK: outputs/reports/07_model_comparison_and_insights.md (0.05 MB)
  OUTPUT OK: outputs/reports/07_model_comparison_and_insights_summary.json (0.00 MB)
  OUTPUT OK: outputs/evidence/pipeline_manifest.json (0.01 MB)
[2026-10-04 19:16:00] ALL STEPS COMPLETED SUCCESSFULLY. Total duration: 561.53s
